---
source: tests/requests/auth.rs
assertion_line: 75
expression: "(response.status_code(), response.text())"
---
(
    409,
    "{\"error\":\" could not register user\",\"description\":\"Entity already exists\"}",
)
